docker-compose : time="2026-04-27T12:10:36+03:30" level=warning msg="C:\\Users\
\leon\\Desktop\\uni_project\\FederationPlatform\\docker-compose.dev.yml: the 
attribute `version` is obsolete, it will be ignored, please remove it to avoid 
potential confusion"
At line:1 char:1
+ docker-compose -f docker-compose.dev.yml build web > build_output.txt ...
+ ~~~~~~~~~~~~~~~~~~~~~~~~~~~~~~~~~~~~~~~~~~~~~~~~~~~~~~~~~~~~~~~~~~~~~
    + CategoryInfo          : NotSpecified: (time="2026-04-2...tial confusion" 
   :String) [], RemoteException
    + FullyQualifiedErrorId : NativeCommandError
 
 Image federationplatform-web Building 
#1 [internal] load local bake definitions
#1 reading from stdin 602B 0.3s done
#1 DONE 0.3s

#2 [internal] load build definition from Dockerfile
#2 transferring dockerfile:
#2 transferring dockerfile: 2.41kB 0.0s done
#2 DONE 0.3s

#3 [internal] load metadata for mcr.microsoft.com/dotnet/sdk:8.0
#3 DONE 1.0s

#4 [internal] load .dockerignore
#4 transferring context: 441B done
#4 DONE 0.0s

#5 [internal] load build context
#5 DONE 0.0s

#6 [build  1/13] FROM mcr.microsoft.com/dotnet/sdk:8.0@sha256:4b1cdaa57eed2cecabcf29bdb9bce11e8ca1c287d39dfd2c8b534663ea94d493
#6 resolve mcr.microsoft.com/dotnet/sdk:8.0@sha256:4b1cdaa57eed2cecabcf29bdb9bce11e8ca1c287d39dfd2c8b534663ea94d493 0.1s done
#6 DONE 0.1s

#5 [internal] load build context
#5 transferring context: 35.62kB 0.1s done
#5 DONE 0.1s

#7 [build  6/13] COPY [src/FederationPlatform.Infrastructure/FederationPlatform.Infrastructure.csproj, src/FederationPlatform.Infrastructure/]
#7 CACHED

#8 [build  7/13] COPY [src/FederationPlatform.Web/FederationPlatform.Web.csproj, src/FederationPlatform.Web/]
#8 CACHED

#9 [build  2/13] WORKDIR /src
#9 CACHED

#10 [build  3/13] COPY [FederationPlatform.sln, ./]
#10 CACHED

#11 [build  5/13] COPY [src/FederationPlatform.Application/FederationPlatform.Application.csproj, src/FederationPlatform.Application/]
#11 CACHED

#12 [build  8/13] COPY [tests/FederationPlatform.UnitTests/FederationPlatform.UnitTests.csproj, tests/FederationPlatform.UnitTests/]
#12 CACHED

#13 [build  9/13] COPY [tests/FederationPlatform.IntegrationTests/FederationPlatform.IntegrationTests.csproj, tests/FederationPlatform.IntegrationTests/]
#13 CACHED

#14 [build  4/13] COPY [src/FederationPlatform.Domain/FederationPlatform.Domain.csproj, src/FederationPlatform.Domain/]
#14 CACHED

#15 [build 10/13] RUN dotnet restore "FederationPlatform.sln"
#15 CACHED

#16 [build 11/13] COPY . .
#16 DONE 0.3s

#17 [build 12/13] WORKDIR /src/src/FederationPlatform.Web
#17 DONE 0.2s

#18 [build 13/13] RUN dotnet build "FederationPlatform.Web.csproj" -c Release -o /app/build
#18 1.339   Determining projects to restore...
#18 2.123 /src/src/FederationPlatform.Infrastructure/FederationPlatform.Infrastructure.csproj : warning NU1603: FederationPlatform.Application depends on AutoMapper (>= 12.3.1) but AutoMapper 12.3.1 was not found. An approximate best match of AutoMapper 13.0.0 was resolved. [/src/src/FederationPlatform.Web/FederationPlatform.Web.csproj]
#18 2.123 /src/src/FederationPlatform.Application/FederationPlatform.Application.csproj : warning NU1603: FederationPlatform.Application depends on AutoMapper (>= 12.3.1) but AutoMapper 12.3.1 was not found. An approximate best match of AutoMapper 13.0.0 was resolved. [/src/src/FederationPlatform.Web/FederationPlatform.Web.csproj]
#18 2.123 /src/src/FederationPlatform.Web/FederationPlatform.Web.csproj : warning NU1603: FederationPlatform.Application depends on AutoMapper (>= 12.3.1) but AutoMapper 12.3.1 was not found. An approximate best match of AutoMapper 13.0.0 was resolved.
#18 2.123 /src/src/FederationPlatform.Application/FederationPlatform.Application.csproj : warning NU1903: Package 'AutoMapper' 13.0.0 has a known high severity vulnerability, https://github.com/advisories/GHSA-rvv3-g6hj-g44x [/src/src/FederationPlatform.Web/FederationPlatform.Web.csproj]
#18 2.129   All projects are up-to-date for restore.
#18 2.347 /src/src/FederationPlatform.Web/FederationPlatform.Web.csproj : warning NU1603: FederationPlatform.Application depends on AutoMapper (>= 12.3.1) but AutoMapper 12.3.1 was not found. An approximate best match of AutoMapper 13.0.0 was resolved.
#18 3.260 /src/src/FederationPlatform.Infrastructure/FederationPlatform.Infrastructure.csproj : warning NU1603: FederationPlatform.Application depends on AutoMapper (>= 12.3.1) but AutoMapper 12.3.1 was not found. An approximate best match of AutoMapper 13.0.0 was resolved.
#18 3.396 /src/src/FederationPlatform.Application/FederationPlatform.Application.csproj : warning NU1603: FederationPlatform.Application depends on AutoMapper (>= 12.3.1) but AutoMapper 12.3.1 was not found. An approximate best match of AutoMapper 13.0.0 was resolved.
#18 3.396 /src/src/FederationPlatform.Application/FederationPlatform.Application.csproj : warning NU1903: Package 'AutoMapper' 13.0.0 has a known high severity vulnerability, https://github.com/advisories/GHSA-rvv3-g6hj-g44x
#18 5.503   FederationPlatform.Domain -> /app/build/FederationPlatform.Domain.dll
#18 6.756 /src/src/FederationPlatform.Application/Services/WorkshopService.cs(22,16): warning CS8603: Possible null reference return. [/src/src/FederationPlatform.Application/FederationPlatform.Application.csproj]
#18 6.756 /src/src/FederationPlatform.Application/Services/WorkshopService.cs(28,16): warning CS8603: Possible null reference return. [/src/src/FederationPlatform.Application/FederationPlatform.Application.csproj]
#18 6.756 /src/src/FederationPlatform.Application/Services/ActivityLogService.cs(40,16): warning CS8603: Possible null reference return. [/src/src/FederationPlatform.Application/FederationPlatform.Application.csproj]
#18 6.756 /src/src/FederationPlatform.Application/Services/WorkshopService.cs(34,16): warning CS8603: Possible null reference return. [/src/src/FederationPlatform.Application/FederationPlatform.Application.csproj]
#18 6.756 /src/src/FederationPlatform.Application/Services/ActivityLogService.cs(46,16): warning CS8603: Possible null reference return. [/src/src/FederationPlatform.Application/FederationPlatform.Application.csproj]
#18 6.756 /src/src/FederationPlatform.Application/Services/ActivityLogService.cs(52,16): warning CS8603: Possible null reference return. [/src/src/FederationPlatform.Application/FederationPlatform.Application.csproj]
#18 6.756 /src/src/FederationPlatform.Application/Services/ActivityLogService.cs(58,16): warning CS8603: Possible null reference return. [/src/src/FederationPlatform.Application/FederationPlatform.Application.csproj]
#18 6.757 /src/src/FederationPlatform.Application/Services/WorkshopService.cs(46,9): warning CS8602: Dereference of a possibly null reference. [/src/src/FederationPlatform.Application/FederationPlatform.Application.csproj]
#18 6.757 /src/src/FederationPlatform.Application/Services/WorkshopService.cs(51,16): warning CS8603: Possible null reference return. [/src/src/FederationPlatform.Application/FederationPlatform.Application.csproj]
#18 6.757 /src/src/FederationPlatform.Application/Services/ActivityService.cs(38,16): warning CS8603: Possible null reference return. [/src/src/FederationPlatform.Application/FederationPlatform.Application.csproj]
#18 6.757 /src/src/FederationPlatform.Application/Services/ActivityService.cs(44,16): warning CS8603: Possible null reference return. [/src/src/FederationPlatform.Application/FederationPlatform.Application.csproj]
#18 6.757 /src/src/FederationPlatform.Application/Services/ActivityService.cs(50,16): warning CS8603: Possible null reference return. [/src/src/FederationPlatform.Application/FederationPlatform.Application.csproj]
#18 6.757 /src/src/FederationPlatform.Application/Services/ActivityService.cs(56,16): warning CS8603: Possible null reference return. [/src/src/FederationPlatform.Application/FederationPlatform.Application.csproj]
#18 6.757 /src/src/FederationPlatform.Application/Services/UserService.cs(22,16): warning CS8603: Possible null reference return. [/src/src/FederationPlatform.Application/FederationPlatform.Application.csproj]
#18 6.757 /src/src/FederationPlatform.Application/Services/ActivityService.cs(62,16): warning CS8603: Possible null reference return. [/src/src/FederationPlatform.Application/FederationPlatform.Application.csproj]
#18 6.757 /src/src/FederationPlatform.Application/Services/AuthService.cs(49,21): warning CS8601: Possible null reference assignment. [/src/src/FederationPlatform.Application/FederationPlatform.Application.csproj]
#18 6.757 /src/src/FederationPlatform.Application/Services/ActivityService.cs(79,21): warning CS8601: Possible null reference assignment. [/src/src/FederationPlatform.Application/FederationPlatform.Application.csproj]
#18 6.757 /src/src/FederationPlatform.Application/Services/ActivityService.cs(89,9): warning CS8602: Dereference of a possibly null reference. [/src/src/FederationPlatform.Application/FederationPlatform.Application.csproj]
#18 6.757 /src/src/FederationPlatform.Application/Services/ActivityService.cs(106,16): warning CS8603: Possible null reference return. [/src/src/FederationPlatform.Application/FederationPlatform.Application.csproj]
#18 6.757 /src/src/FederationPlatform.Application/Services/UserService.cs(100,16): warning CS8603: Possible null reference return. [/src/src/FederationPlatform.Application/FederationPlatform.Application.csproj]
#18 6.757 /src/src/FederationPlatform.Application/Services/UserService.cs(106,16): warning CS8603: Possible null reference return. [/src/src/FederationPlatform.Application/FederationPlatform.Application.csproj]
#18 6.757 /src/src/FederationPlatform.Application/Services/UserService.cs(113,16): warning CS8603: Possible null reference return. [/src/src/FederationPlatform.Application/FederationPlatform.Application.csproj]
#18 6.757 /src/src/FederationPlatform.Application/Services/UserProfileService.cs(29,27): warning CS8602: Dereference of a possibly null reference. [/src/src/FederationPlatform.Application/FederationPlatform.Application.csproj]
#18 6.757 /src/src/FederationPlatform.Application/Services/UserProfileService.cs(34,37): warning CS8602: Dereference of a possibly null reference. [/src/src/FederationPlatform.Application/FederationPlatform.Application.csproj]
#18 6.757 /src/src/FederationPlatform.Application/Services/UniversityService.cs(21,16): warning CS8603: Possible null reference return. [/src/src/FederationPlatform.Application/FederationPlatform.Application.csproj]
#18 6.757 /src/src/FederationPlatform.Application/Services/OrganizationService.cs(21,16): warning CS8603: Possible null reference return. [/src/src/FederationPlatform.Application/FederationPlatform.Application.csproj]
#18 6.757 /src/src/FederationPlatform.Application/Services/NewsService.cs(22,16): warning CS8603: Possible null reference return. [/src/src/FederationPlatform.Application/FederationPlatform.Application.csproj]
#18 6.757 /src/src/FederationPlatform.Application/Services/NotificationService.cs(22,9): warning CS8602: Dereference of a possibly null reference. [/src/src/FederationPlatform.Application/FederationPlatform.Application.csproj]
#18 6.757 /src/src/FederationPlatform.Application/Services/NotificationService.cs(28,16): warning CS8603: Possible null reference return. [/src/src/FederationPlatform.Application/FederationPlatform.Application.csproj]
#18 6.757 /src/src/FederationPlatform.Application/Services/OrganizationService.cs(31,9): warning CS8602: Dereference of a possibly null reference. [/src/src/FederationPlatform.Application/FederationPlatform.Application.csproj]
#18 6.757 /src/src/FederationPlatform.Application/Services/NewsService.cs(28,16): warning CS8603: Possible null reference return. [/src/src/FederationPlatform.Application/FederationPlatform.Application.csproj]
#18 6.757 /src/src/FederationPlatform.Application/Services/FeedbackService.cs(40,16): warning CS8603: Possible null reference return. [/src/src/FederationPlatform.Application/FederationPlatform.Application.csproj]
#18 6.757 /src/src/FederationPlatform.Application/Services/NewsService.cs(34,16): warning CS8603: Possible null reference return. [/src/src/FederationPlatform.Application/FederationPlatform.Application.csproj]
#18 6.757 /src/src/FederationPlatform.Application/Services/NotificationService.cs(40,16): warning CS8603: Possible null reference return. [/src/src/FederationPlatform.Application/FederationPlatform.Application.csproj]
#18 6.757 /src/src/FederationPlatform.Application/Services/NotificationService.cs(46,16): warning CS8603: Possible null reference return. [/src/src/FederationPlatform.Application/FederationPlatform.Application.csproj]
#18 6.757 /src/src/FederationPlatform.Application/Services/UniversityService.cs(33,9): warning CS8602: Dereference of a possibly null reference. [/src/src/FederationPlatform.Application/FederationPlatform.Application.csproj]
#18 6.757 /src/src/FederationPlatform.Application/Services/FeedbackService.cs(52,16): warning CS8603: Possible null reference return. [/src/src/FederationPlatform.Application/FederationPlatform.Application.csproj]
#18 6.757 /src/src/FederationPlatform.Application/Services/NewsService.cs(46,9): warning CS8602: Dereference of a possibly null reference. [/src/src/FederationPlatform.Application/FederationPlatform.Application.csproj]
#18 6.757 /src/src/FederationPlatform.Application/Services/NewsService.cs(51,16): warning CS8603: Possible null reference return. [/src/src/FederationPlatform.Application/FederationPlatform.Application.csproj]
#18 6.757 /src/src/FederationPlatform.Application/Services/UniversityService.cs(43,16): warning CS8603: Possible null reference return. [/src/src/FederationPlatform.Application/FederationPlatform.Application.csproj]
#18 6.757 /src/src/FederationPlatform.Application/Services/FeedbackService.cs(58,16): warning CS8603: Possible null reference return. [/src/src/FederationPlatform.Application/FederationPlatform.Application.csproj]
#18 6.757 /src/src/FederationPlatform.Application/Services/DashboardService.cs(83,34): warning CS8601: Possible null reference assignment. [/src/src/FederationPlatform.Application/FederationPlatform.Application.csproj]
#18 6.757 /src/src/FederationPlatform.Application/Services/DashboardService.cs(87,28): warning CS8601: Possible null reference assignment. [/src/src/FederationPlatform.Application/FederationPlatform.Application.csproj]
#18 6.757 /src/src/FederationPlatform.Application/Services/DashboardService.cs(90,35): warning CS8601: Possible null reference assignment. [/src/src/FederationPlatform.Application/FederationPlatform.Application.csproj]
#18 6.758 /src/src/FederationPlatform.Application/Services/DashboardService.cs(105,34): warning CS8601: Possible null reference assignment. [/src/src/FederationPlatform.Application/FederationPlatform.Application.csproj]
#18 6.758 /src/src/FederationPlatform.Application/Services/DashboardService.cs(110,26): warning CS8601: Possible null reference assignment. [/src/src/FederationPlatform.Application/FederationPlatform.Application.csproj]
#18 6.758 /src/src/FederationPlatform.Application/Services/DashboardService.cs(113,33): warning CS8601: Possible null reference assignment. [/src/src/FederationPlatform.Application/FederationPlatform.Application.csproj]
#18 6.758 /src/src/FederationPlatform.Application/Services/DashboardService.cs(127,26): warning CS8601: Possible null reference assignment. [/src/src/FederationPlatform.Application/FederationPlatform.Application.csproj]
#18 6.758 /src/src/FederationPlatform.Application/Services/DashboardService.cs(128,33): warning CS8601: Possible null reference assignment. [/src/src/FederationPlatform.Application/FederationPlatform.Application.csproj]
#18 6.758 /src/src/FederationPlatform.Application/Services/DashboardService.cs(129,28): warning CS8601: Possible null reference assignment. [/src/src/FederationPlatform.Application/FederationPlatform.Application.csproj]
#18 6.758 /src/src/FederationPlatform.Application/Services/DashboardService.cs(130,32): warning CS8601: Possible null reference assignment. [/src/src/FederationPlatform.Application/FederationPlatform.Application.csproj]
#18 6.817   FederationPlatform.Application -> /app/build/FederationPlatform.Application.dll
#18 7.495   FederationPlatform.Infrastructure -> /app/build/FederationPlatform.Infrastructure.dll
#18 10.64 /src/src/FederationPlatform.Web/Controllers/AdminController.cs(39,38): warning CS1998: This async method lacks 'await' operators and will run synchronously. Consider using the 'await' operator to await non-blocking API calls, or 'await Task.Run(...)' to do CPU-bound work on a background thread. [/src/src/FederationPlatform.Web/FederationPlatform.Web.csproj]
#18 10.64 /src/src/FederationPlatform.Web/Controllers/ActivityController.cs(53,35): warning CS8601: Possible null reference assignment. [/src/src/FederationPlatform.Web/FederationPlatform.Web.csproj]
#18 10.64 /src/src/FederationPlatform.Web/Controllers/AdminController.cs(96,39): warning CS8601: Possible null reference assignment. [/src/src/FederationPlatform.Web/FederationPlatform.Web.csproj]
#18 10.64 /src/src/FederationPlatform.Web/Controllers/DashboardController.cs(160,39): warning CS8601: Possible null reference assignment. [/src/src/FederationPlatform.Web/FederationPlatform.Web.csproj]
#18 10.64 /src/src/FederationPlatform.Web/Views/University/Index.cshtml(35,14): warning CS8604: Possible null reference argument for parameter 'source' in 'bool Enumerable.Any<UniversityCardViewModel>(IEnumerable<UniversityCardViewModel> source)'. [/src/src/FederationPlatform.Web/FederationPlatform.Web.csproj]
#18 10.64 /src/src/FederationPlatform.Web/Views/Home/Index.cshtml(79,45): warning CS8604: Possible null reference argument for parameter 'source' in 'IEnumerable<UniversityBriefViewModel> Enumerable.Take<UniversityBriefViewModel>(IEnumerable<UniversityBriefViewModel> source, int count)'. [/src/src/FederationPlatform.Web/FederationPlatform.Web.csproj]
#18 10.64 /src/src/FederationPlatform.Web/Views/Home/Index.cshtml(106,39): warning CS8604: Possible null reference argument for parameter 'source' in 'IEnumerable<NewsItemViewModel> Enumerable.Take<NewsItemViewModel>(IEnumerable<NewsItemViewModel> source, int count)'. [/src/src/FederationPlatform.Web/FederationPlatform.Web.csproj]
#18 10.64 /src/src/FederationPlatform.Web/Views/Home/Index.cshtml(123,14): warning CS8604: Possible null reference argument for parameter 'source' in 'bool Enumerable.Any<ActivityBriefViewModel>(IEnumerable<ActivityBriefViewModel> source)'. [/src/src/FederationPlatform.Web/FederationPlatform.Web.csproj]
#18 10.64 /src/src/FederationPlatform.Web/Views/Home/Index.cshtml(139,46): warning CS8602: Dereference of a possibly null reference. [/src/src/FederationPlatform.Web/FederationPlatform.Web.csproj]
#18 10.64 /src/src/FederationPlatform.Web/Views/Admin/Users.cshtml(37,35): warning CS8604: Possible null reference argument for parameter 'source' in 'bool Enumerable.Any<UserAdminViewModel>(IEnumerable<UserAdminViewModel> source)'. [/src/src/FederationPlatform.Web/FederationPlatform.Web.csproj]
#18 10.64 /src/src/FederationPlatform.Web/Views/Dashboard/AdminDashboard.cshtml(130,31): warning CS8604: Possible null reference argument for parameter 'source' in 'bool Enumerable.Any<ActivityStatViewModel>(IEnumerable<ActivityStatViewModel> source)'. [/src/src/FederationPlatform.Web/FederationPlatform.Web.csproj]
#18 10.64 /src/src/FederationPlatform.Web/Views/Dashboard/AdminDashboard.cshtml(152,31): warning CS8604: Possible null reference argument for parameter 'source' in 'bool Enumerable.Any<UserAdminViewModel>(IEnumerable<UserAdminViewModel> source)'. [/src/src/FederationPlatform.Web/FederationPlatform.Web.csproj]
#18 10.64 /src/src/FederationPlatform.Web/Views/Dashboard/UserDashboard.cshtml(85,30): warning CS8604: Possible null reference argument for parameter 'source' in 'bool Enumerable.Any<ActivityBriefViewModel>(IEnumerable<ActivityBriefViewModel> source)'. [/src/src/FederationPlatform.Web/FederationPlatform.Web.csproj]
#18 10.64 /src/src/FederationPlatform.Web/Views/Dashboard/UserDashboard.cshtml(114,30): warning CS8604: Possible null reference argument for parameter 'source' in 'bool Enumerable.Any<ActivityDetailViewModel>(IEnumerable<ActivityDetailViewModel> source)'. [/src/src/FederationPlatform.Web/FederationPlatform.Web.csproj]
#18 10.64 /src/src/FederationPlatform.Web/Views/University/Details.cshtml(76,10): warning CS8604: Possible null reference argument for parameter 'source' in 'bool Enumerable.Any<ActivityBriefViewModel>(IEnumerable<ActivityBriefViewModel> source)'. [/src/src/FederationPlatform.Web/FederationPlatform.Web.csproj]
#18 10.64 /src/src/FederationPlatform.Web/Views/University/Details.cshtml(94,39): warning CS8602: Dereference of a possibly null reference. [/src/src/FederationPlatform.Web/FederationPlatform.Web.csproj]
#18 10.64 /src/src/FederationPlatform.Web/Views/University/Details.cshtml(106,10): warning CS8604: Possible null reference argument for parameter 'source' in 'bool Enumerable.Any<UserBriefViewModel>(IEnumerable<UserBriefViewModel> source)'. [/src/src/FederationPlatform.Web/FederationPlatform.Web.csproj]
#18 10.64 /src/src/FederationPlatform.Web/Views/University/Details.cshtml(129,10): warning CS8604: Possible null reference argument for parameter 'source' in 'bool Enumerable.Any<NewsItemViewModel>(IEnumerable<NewsItemViewModel> source)'. [/src/src/FederationPlatform.Web/FederationPlatform.Web.csproj]
#18 10.64 /src/src/FederationPlatform.Web/Program.cs(129,5): warning ASP0019: Use IHeaderDictionary.Append or the indexer to append or set headers. IDictionary.Add will throw an ArgumentException when attempting to add a duplicate key. (https://aka.ms/aspnet/analyzers) [/src/src/FederationPlatform.Web/FederationPlatform.Web.csproj]
#18 10.64 /src/src/FederationPlatform.Web/Program.cs(130,5): warning ASP0019: Use IHeaderDictionary.Append or the indexer to append or set headers. IDictionary.Add will throw an ArgumentException when attempting to add a duplicate key. (https://aka.ms/aspnet/analyzers) [/src/src/FederationPlatform.Web/FederationPlatform.Web.csproj]
#18 10.64 /src/src/FederationPlatform.Web/Program.cs(131,5): warning ASP0019: Use IHeaderDictionary.Append or the indexer to append or set headers. IDictionary.Add will throw an ArgumentException when attempting to add a duplicate key. (https://aka.ms/aspnet/analyzers) [/src/src/FederationPlatform.Web/FederationPlatform.Web.csproj]
#18 10.64 /src/src/FederationPlatform.Web/Program.cs(132,5): warning ASP0019: Use IHeaderDictionary.Append or the indexer to append or set headers. IDictionary.Add will throw an ArgumentException when attempting to add a duplicate key. (https://aka.ms/aspnet/analyzers) [/src/src/FederationPlatform.Web/FederationPlatform.Web.csproj]
#18 11.59   FederationPlatform.Web -> /app/build/FederationPlatform.Web.dll
#18 11.62 
#18 11.62 Build succeeded.
#18 11.62 
#18 11.62 /src/src/FederationPlatform.Infrastructure/FederationPlatform.Infrastructure.csproj : warning NU1603: FederationPlatform.Application depends on AutoMapper (>= 12.3.1) but AutoMapper 12.3.1 was not found. An approximate best match of AutoMapper 13.0.0 was resolved. [/src/src/FederationPlatform.Web/FederationPlatform.Web.csproj]
#18 11.62 /src/src/FederationPlatform.Application/FederationPlatform.Application.csproj : warning NU1603: FederationPlatform.Application depends on AutoMapper (>= 12.3.1) but AutoMapper 12.3.1 was not found. An approximate best match of AutoMapper 13.0.0 was resolved. [/src/src/FederationPlatform.Web/FederationPlatform.Web.csproj]
#18 11.62 /src/src/FederationPlatform.Web/FederationPlatform.Web.csproj : warning NU1603: FederationPlatform.Application depends on AutoMapper (>= 12.3.1) but AutoMapper 12.3.1 was not found. An approximate best match of AutoMapper 13.0.0 was resolved.
#18 11.62 /src/src/FederationPlatform.Application/FederationPlatform.Application.csproj : warning NU1903: Package 'AutoMapper' 13.0.0 has a known high severity vulnerability, https://github.com/advisories/GHSA-rvv3-g6hj-g44x [/src/src/FederationPlatform.Web/FederationPlatform.Web.csproj]
#18 11.62 /src/src/FederationPlatform.Web/FederationPlatform.Web.csproj : warning NU1603: FederationPlatform.Application depends on AutoMapper (>= 12.3.1) but AutoMapper 12.3.1 was not found. An approximate best match of AutoMapper 13.0.0 was resolved.
#18 11.62 /src/src/FederationPlatform.Infrastructure/FederationPlatform.Infrastructure.csproj : warning NU1603: FederationPlatform.Application depends on AutoMapper (>= 12.3.1) but AutoMapper 12.3.1 was not found. An approximate best match of AutoMapper 13.0.0 was resolved.
#18 11.62 /src/src/FederationPlatform.Application/FederationPlatform.Application.csproj : warning NU1603: FederationPlatform.Application depends on AutoMapper (>= 12.3.1) but AutoMapper 12.3.1 was not found. An approximate best match of AutoMapper 13.0.0 was resolved.
#18 11.62 /src/src/FederationPlatform.Application/FederationPlatform.Application.csproj : warning NU1903: Package 'AutoMapper' 13.0.0 has a known high severity vulnerability, https://github.com/advisories/GHSA-rvv3-g6hj-g44x
#18 11.62 /src/src/FederationPlatform.Application/Services/WorkshopService.cs(22,16): warning CS8603: Possible null reference return. [/src/src/FederationPlatform.Application/FederationPlatform.Application.csproj]
#18 11.62 /src/src/FederationPlatform.Application/Services/WorkshopService.cs(28,16): warning CS8603: Possible null reference return. [/src/src/FederationPlatform.Application/FederationPlatform.Application.csproj]
#18 11.62 /src/src/FederationPlatform.Application/Services/ActivityLogService.cs(40,16): warning CS8603: Possible null reference return. [/src/src/FederationPlatform.Application/FederationPlatform.Application.csproj]
#18 11.62 /src/src/FederationPlatform.Application/Services/WorkshopService.cs(34,16): warning CS8603: Possible null reference return. [/src/src/FederationPlatform.Application/FederationPlatform.Application.csproj]
#18 11.62 /src/src/FederationPlatform.Application/Services/ActivityLogService.cs(46,16): warning CS8603: Possible null reference return. [/src/src/FederationPlatform.Application/FederationPlatform.Application.csproj]
#18 11.62 /src/src/FederationPlatform.Application/Services/ActivityLogService.cs(52,16): warning CS8603: Possible null reference return. [/src/src/FederationPlatform.Application/FederationPlatform.Application.csproj]
#18 11.62 /src/src/FederationPlatform.Application/Services/ActivityLogService.cs(58,16): warning CS8603: Possible null reference return. [/src/src/FederationPlatform.Application/FederationPlatform.Application.csproj]
#18 11.62 /src/src/FederationPlatform.Application/Services/WorkshopService.cs(46,9): warning CS8602: Dereference of a possibly null reference. [/src/src/FederationPlatform.Application/FederationPlatform.Application.csproj]
#18 11.62 /src/src/FederationPlatform.Application/Services/WorkshopService.cs(51,16): warning CS8603: Possible null reference return. [/src/src/FederationPlatform.Application/FederationPlatform.Application.csproj]
#18 11.62 /src/src/FederationPlatform.Application/Services/ActivityService.cs(38,16): warning CS8603: Possible null reference return. [/src/src/FederationPlatform.Application/FederationPlatform.Application.csproj]
#18 11.62 /src/src/FederationPlatform.Application/Services/ActivityService.cs(44,16): warning CS8603: Possible null reference return. [/src/src/FederationPlatform.Application/FederationPlatform.Application.csproj]
#18 11.62 /src/src/FederationPlatform.Application/Services/ActivityService.cs(50,16): warning CS8603: Possible null reference return. [/src/src/FederationPlatform.Application/FederationPlatform.Application.csproj]
#18 11.62 /src/src/FederationPlatform.Application/Services/ActivityService.cs(56,16): warning CS8603: Possible null reference return. [/src/src/FederationPlatform.Application/FederationPlatform.Application.csproj]
#18 11.62 /src/src/FederationPlatform.Application/Services/UserService.cs(22,16): warning CS8603: Possible null reference return. [/src/src/FederationPlatform.Application/FederationPlatform.Application.csproj]
#18 11.62 /src/src/FederationPlatform.Application/Services/ActivityService.cs(62,16): warning CS8603: Possible null reference return. [/src/src/FederationPlatform.Application/FederationPlatform.Application.csproj]
#18 11.62 /src/src/FederationPlatform.Application/Services/AuthService.cs(49,21): warning CS8601: Possible null reference assignment. [/src/src/FederationPlatform.Application/FederationPlatform.Application.csproj]
#18 11.62 /src/src/FederationPlatform.Application/Services/ActivityService.cs(79,21): warning CS8601: Possible null reference assignment. [/src/src/FederationPlatform.Application/FederationPlatform.Application.csproj]
#18 11.62 /src/src/FederationPlatform.Application/Services/ActivityService.cs(89,9): warning CS8602: Dereference of a possibly null reference. [/src/src/FederationPlatform.Application/FederationPlatform.Application.csproj]
#18 11.62 /src/src/FederationPlatform.Application/Services/ActivityService.cs(106,16): warning CS8603: Possible null reference return. [/src/src/FederationPlatform.Application/FederationPlatform.Application.csproj]
#18 11.62 /src/src/FederationPlatform.Application/Services/UserService.cs(100,16): warning CS8603: Possible null reference return. [/src/src/FederationPlatform.Application/FederationPlatform.Application.csproj]
#18 11.62 /src/src/FederationPlatform.Application/Services/UserService.cs(106,16): warning CS8603: Possible null reference return. [/src/src/FederationPlatform.Application/FederationPlatform.Application.csproj]
#18 11.62 /src/src/FederationPlatform.Application/Services/UserService.cs(113,16): warning CS8603: Possible null reference return. [/src/src/FederationPlatform.Application/FederationPlatform.Application.csproj]
#18 11.62 /src/src/FederationPlatform.Application/Services/UserProfileService.cs(29,27): warning CS8602: Dereference of a possibly null reference. [/src/src/FederationPlatform.Application/FederationPlatform.Application.csproj]
#18 11.62 /src/src/FederationPlatform.Application/Services/UserProfileService.cs(34,37): warning CS8602: Dereference of a possibly null reference. [/src/src/FederationPlatform.Application/FederationPlatform.Application.csproj]
#18 11.62 /src/src/FederationPlatform.Application/Services/UniversityService.cs(21,16): warning CS8603: Possible null reference return. [/src/src/FederationPlatform.Application/FederationPlatform.Application.csproj]
#18 11.62 /src/src/FederationPlatform.Application/Services/OrganizationService.cs(21,16): warning CS8603: Possible null reference return. [/src/src/FederationPlatform.Application/FederationPlatform.Application.csproj]
#18 11.62 /src/src/FederationPlatform.Application/Services/NewsService.cs(22,16): warning CS8603: Possible null reference return. [/src/src/FederationPlatform.Application/FederationPlatform.Application.csproj]
#18 11.62 /src/src/FederationPlatform.Application/Services/NotificationService.cs(22,9): warning CS8602: Dereference of a possibly null reference. [/src/src/FederationPlatform.Application/FederationPlatform.Application.csproj]
#18 11.62 /src/src/FederationPlatform.Application/Services/NotificationService.cs(28,16): warning CS8603: Possible null reference return. [/src/src/FederationPlatform.Application/FederationPlatform.Application.csproj]
#18 11.62 /src/src/FederationPlatform.Application/Services/OrganizationService.cs(31,9): warning CS8602: Dereference of a possibly null reference. [/src/src/FederationPlatform.Application/FederationPlatform.Application.csproj]
#18 11.62 /src/src/FederationPlatform.Application/Services/NewsService.cs(28,16): warning CS8603: Possible null reference return. [/src/src/FederationPlatform.Application/FederationPlatform.Application.csproj]
#18 11.62 /src/src/FederationPlatform.Application/Services/FeedbackService.cs(40,16): warning CS8603: Possible null reference return. [/src/src/FederationPlatform.Application/FederationPlatform.Application.csproj]
#18 11.62 /src/src/FederationPlatform.Application/Services/NewsService.cs(34,16): warning CS8603: Possible null reference return. [/src/src/FederationPlatform.Application/FederationPlatform.Application.csproj]
#18 11.62 /src/src/FederationPlatform.Application/Services/NotificationService.cs(40,16): warning CS8603: Possible null reference return. [/src/src/FederationPlatform.Application/FederationPlatform.Application.csproj]
#18 11.62 /src/src/FederationPlatform.Application/Services/NotificationService.cs(46,16): warning CS8603: Possible null reference return. [/src/src/FederationPlatform.Application/FederationPlatform.Application.csproj]
#18 11.62 /src/src/FederationPlatform.Application/Services/UniversityService.cs(33,9): warning CS8602: Dereference of a possibly null reference. [/src/src/FederationPlatform.Application/FederationPlatform.Application.csproj]
#18 11.62 /src/src/FederationPlatform.Application/Services/FeedbackService.cs(52,16): warning CS8603: Possible null reference return. [/src/src/FederationPlatform.Application/FederationPlatform.Application.csproj]
#18 11.62 /src/src/FederationPlatform.Application/Services/NewsService.cs(46,9): warning CS8602: Dereference of a possibly null reference. [/src/src/FederationPlatform.Application/FederationPlatform.Application.csproj]
#18 11.62 /src/src/FederationPlatform.Application/Services/NewsService.cs(51,16): warning CS8603: Possible null reference return. [/src/src/FederationPlatform.Application/FederationPlatform.Application.csproj]
#18 11.62 /src/src/FederationPlatform.Application/Services/UniversityService.cs(43,16): warning CS8603: Possible null reference return. [/src/src/FederationPlatform.Application/FederationPlatform.Application.csproj]
#18 11.62 /src/src/FederationPlatform.Application/Services/FeedbackService.cs(58,16): warning CS8603: Possible null reference return. [/src/src/FederationPlatform.Application/FederationPlatform.Application.csproj]
#18 11.62 /src/src/FederationPlatform.Application/Services/DashboardService.cs(83,34): warning CS8601: Possible null reference assignment. [/src/src/FederationPlatform.Application/FederationPlatform.Application.csproj]
#18 11.62 /src/src/FederationPlatform.Application/Services/DashboardService.cs(87,28): warning CS8601: Possible null reference assignment. [/src/src/FederationPlatform.Application/FederationPlatform.Application.csproj]
#18 11.62 /src/src/FederationPlatform.Application/Services/DashboardService.cs(90,35): warning CS8601: Possible null reference assignment. [/src/src/FederationPlatform.Application/FederationPlatform.Application.csproj]
#18 11.62 /src/src/FederationPlatform.Application/Services/DashboardService.cs(105,34): warning CS8601: Possible null reference assignment. [/src/src/FederationPlatform.Application/FederationPlatform.Application.csproj]
#18 11.62 /src/src/FederationPlatform.Application/Services/DashboardService.cs(110,26): warning CS8601: Possible null reference assignment. [/src/src/FederationPlatform.Application/FederationPlatform.Application.csproj]
#18 11.62 /src/src/FederationPlatform.Application/Services/DashboardService.cs(113,33): warning CS8601: Possible null reference assignment. [/src/src/FederationPlatform.Application/FederationPlatform.Application.csproj]
#18 11.62 /src/src/FederationPlatform.Application/Services/DashboardService.cs(127,26): warning CS8601: Possible null reference assignment. [/src/src/FederationPlatform.Application/FederationPlatform.Application.csproj]
#18 11.62 /src/src/FederationPlatform.Application/Services/DashboardService.cs(128,33): warning CS8601: Possible null reference assignment. [/src/src/FederationPlatform.Application/FederationPlatform.Application.csproj]
#18 11.62 /src/src/FederationPlatform.Application/Services/DashboardService.cs(129,28): warning CS8601: Possible null reference assignment. [/src/src/FederationPlatform.Application/FederationPlatform.Application.csproj]
#18 11.62 /src/src/FederationPlatform.Application/Services/DashboardService.cs(130,32): warning CS8601: Possible null reference assignment. [/src/src/FederationPlatform.Application/FederationPlatform.Application.csproj]
#18 11.62 /src/src/FederationPlatform.Web/Controllers/AdminController.cs(39,38): warning CS1998: This async method lacks 'await' operators and will run synchronously. Consider using the 'await' operator to await non-blocking API calls, or 'await Task.Run(...)' to do CPU-bound work on a background thread. [/src/src/FederationPlatform.Web/FederationPlatform.Web.csproj]
#18 11.62 /src/src/FederationPlatform.Web/Controllers/ActivityController.cs(53,35): warning CS8601: Possible null reference assignment. [/src/src/FederationPlatform.Web/FederationPlatform.Web.csproj]
#18 11.62 /src/src/FederationPlatform.Web/Controllers/AdminController.cs(96,39): warning CS8601: Possible null reference assignment. [/src/src/FederationPlatform.Web/FederationPlatform.Web.csproj]
#18 11.62 /src/src/FederationPlatform.Web/Controllers/DashboardController.cs(160,39): warning CS8601: Possible null reference assignment. [/src/src/FederationPlatform.Web/FederationPlatform.Web.csproj]
#18 11.62 /src/src/FederationPlatform.Web/Views/University/Index.cshtml(35,14): warning CS8604: Possible null reference argument for parameter 'source' in 'bool Enumerable.Any<UniversityCardViewModel>(IEnumerable<UniversityCardViewModel> source)'. [/src/src/FederationPlatform.Web/FederationPlatform.Web.csproj]
#18 11.62 /src/src/FederationPlatform.Web/Views/Home/Index.cshtml(79,45): warning CS8604: Possible null reference argument for parameter 'source' in 'IEnumerable<UniversityBriefViewModel> Enumerable.Take<UniversityBriefViewModel>(IEnumerable<UniversityBriefViewModel> source, int count)'. [/src/src/FederationPlatform.Web/FederationPlatform.Web.csproj]
#18 11.62 /src/src/FederationPlatform.Web/Views/Home/Index.cshtml(106,39): warning CS8604: Possible null reference argument for parameter 'source' in 'IEnumerable<NewsItemViewModel> Enumerable.Take<NewsItemViewModel>(IEnumerable<NewsItemViewModel> source, int count)'. [/src/src/FederationPlatform.Web/FederationPlatform.Web.csproj]
#18 11.62 /src/src/FederationPlatform.Web/Views/Home/Index.cshtml(123,14): warning CS8604: Possible null reference argument for parameter 'source' in 'bool Enumerable.Any<ActivityBriefViewModel>(IEnumerable<ActivityBriefViewModel> source)'. [/src/src/FederationPlatform.Web/FederationPlatform.Web.csproj]
#18 11.62 /src/src/FederationPlatform.Web/Views/Home/Index.cshtml(139,46): warning CS8602: Dereference of a possibly null reference. [/src/src/FederationPlatform.Web/FederationPlatform.Web.csproj]
#18 11.62 /src/src/FederationPlatform.Web/Views/Admin/Users.cshtml(37,35): warning CS8604: Possible null reference argument for parameter 'source' in 'bool Enumerable.Any<UserAdminViewModel>(IEnumerable<UserAdminViewModel> source)'. [/src/src/FederationPlatform.Web/FederationPlatform.Web.csproj]
#18 11.62 /src/src/FederationPlatform.Web/Views/Dashboard/AdminDashboard.cshtml(130,31): warning CS8604: Possible null reference argument for parameter 'source' in 'bool Enumerable.Any<ActivityStatViewModel>(IEnumerable<ActivityStatViewModel> source)'. [/src/src/FederationPlatform.Web/FederationPlatform.Web.csproj]
#18 11.62 /src/src/FederationPlatform.Web/Views/Dashboard/AdminDashboard.cshtml(152,31): warning CS8604: Possible null reference argument for parameter 'source' in 'bool Enumerable.Any<UserAdminViewModel>(IEnumerable<UserAdminViewModel> source)'. [/src/src/FederationPlatform.Web/FederationPlatform.Web.csproj]
#18 11.62 /src/src/FederationPlatform.Web/Views/Dashboard/UserDashboard.cshtml(85,30): warning CS8604: Possible null reference argument for parameter 'source' in 'bool Enumerable.Any<ActivityBriefViewModel>(IEnumerable<ActivityBriefViewModel> source)'. [/src/src/FederationPlatform.Web/FederationPlatform.Web.csproj]
#18 11.62 /src/src/FederationPlatform.Web/Views/Dashboard/UserDashboard.cshtml(114,30): warning CS8604: Possible null reference argument for parameter 'source' in 'bool Enumerable.Any<ActivityDetailViewModel>(IEnumerable<ActivityDetailViewModel> source)'. [/src/src/FederationPlatform.Web/FederationPlatform.Web.csproj]
#18 11.62 /src/src/FederationPlatform.Web/Views/University/Details.cshtml(76,10): warning CS8604: Possible null reference argument for parameter 'source' in 'bool Enumerable.Any<ActivityBriefViewModel>(IEnumerable<ActivityBriefViewModel> source)'. [/src/src/FederationPlatform.Web/FederationPlatform.Web.csproj]
#18 11.62 /src/src/FederationPlatform.Web/Views/University/Details.cshtml(94,39): warning CS8602: Dereference of a possibly null reference. [/src/src/FederationPlatform.Web/FederationPlatform.Web.csproj]
#18 11.62 /src/src/FederationPlatform.Web/Views/University/Details.cshtml(106,10): warning CS8604: Possible null reference argument for parameter 'source' in 'bool Enumerable.Any<UserBriefViewModel>(IEnumerable<UserBriefViewModel> source)'. [/src/src/FederationPlatform.Web/FederationPlatform.Web.csproj]
#18 11.62 /src/src/FederationPlatform.Web/Views/University/Details.cshtml(129,10): warning CS8604: Possible null reference argument for parameter 'source' in 'bool Enumerable.Any<NewsItemViewModel>(IEnumerable<NewsItemViewModel> source)'. [/src/src/FederationPlatform.Web/FederationPlatform.Web.csproj]
#18 11.62 /src/src/FederationPlatform.Web/Program.cs(129,5): warning ASP0019: Use IHeaderDictionary.Append or the indexer to append or set headers. IDictionary.Add will throw an ArgumentException when attempting to add a duplicate key. (https://aka.ms/aspnet/analyzers) [/src/src/FederationPlatform.Web/FederationPlatform.Web.csproj]
#18 11.62 /src/src/FederationPlatform.Web/Program.cs(130,5): warning ASP0019: Use IHeaderDictionary.Append or the indexer to append or set headers. IDictionary.Add will throw an ArgumentException when attempting to add a duplicate key. (https://aka.ms/aspnet/analyzers) [/src/src/FederationPlatform.Web/FederationPlatform.Web.csproj]
#18 11.62 /src/src/FederationPlatform.Web/Program.cs(131,5): warning ASP0019: Use IHeaderDictionary.Append or the indexer to append or set headers. IDictionary.Add will throw an ArgumentException when attempting to add a duplicate key. (https://aka.ms/aspnet/analyzers) [/src/src/FederationPlatform.Web/FederationPlatform.Web.csproj]
#18 11.62 /src/src/FederationPlatform.Web/Program.cs(132,5): warning ASP0019: Use IHeaderDictionary.Append or the indexer to append or set headers. IDictionary.Add will throw an ArgumentException when attempting to add a duplicate key. (https://aka.ms/aspnet/analyzers) [/src/src/FederationPlatform.Web/FederationPlatform.Web.csproj]
#18 11.62     81 Warning(s)
#18 11.62     0 Error(s)
#18 11.62 
#18 11.62 Time Elapsed 00:00:10.84
#18 DONE 12.1s

#19 exporting to image
#19 exporting layers
#19 exporting layers 2.3s done
#19 exporting manifest sha256:d5b6dee3ec2cb3d69517b058370825eb34842fc0dcecbcefe7c5caa65a8fc20c 0.1s done
#19 exporting config sha256:7f606bd164b0d741425960a58d96b038abb0cbabb20ecf9a93d2df73a4a6fbc8 0.1s done
#19 exporting attestation manifest sha256:3d9b85f5248c2ffc955a78f49e0ce5ee0d215c18cc9f29e7b8433db531f50354
#19 exporting attestation manifest sha256:3d9b85f5248c2ffc955a78f49e0ce5ee0d215c18cc9f29e7b8433db531f50354 0.1s done
#19 exporting manifest list sha256:4f858e0afa2f62906b1ed381b77c9978ef5f976c5259637dde9582538b6b2b19
#19 exporting manifest list sha256:4f858e0afa2f62906b1ed381b77c9978ef5f976c5259637dde9582538b6b2b19 0.1s done
#19 naming to docker.io/library/federationplatform-web:latest done
#19 unpacking to docker.io/library/federationplatform-web:latest
#19 unpacking to docker.io/library/federationplatform-web:latest 0.4s done
#19 DONE 3.2s

#20 resolving provenance for metadata file
#20 DONE 0.0s
 Image federationplatform-web Built 
